---
source: src/tui/render.rs
expression: output
---
todo                       in-progress               done
┌📋 aaa111─────────────────┐┌📋 bbb222────────────────┐
│Fix login bug            ││Add search              │
└─────────────────────────┘└────────────────────────┘















h/l columns  j/k tickets  H/L move  Enter detail  e edit  n new  ? help  q quit
