---
source: src/tui/render.rs
expression: output
---
todo                       in-progress               done
┌📋 abc123─────────────────┐
│Fix log┌  Detail    e edit    q/Esc back  ────────────────────────────┐
└───────│ID:      abc123                                               │
        │Title:   Fix login bug                                        │
        │Status:  todo                                                 │
        │Type:    task                                                 │
        │Created: 2000-01-01                                           │
        │Updated: 2000-01-01                                           │
        │                                                              │
        │                                                              │
        │                                                              │
        │                                                              │
        │                                                              │
        │                                                              │
        │                                                              │
        │                                                              │
        │                                                              │
        │                                                              │
        │                                                              │
        │                                                              │
        └──────────────────────────────────────────────────────────────┘

h/l col j/k row H/L mv y copy Enter view e edit n new / filter ? help q quit
